Saaaaaabbaaaabbbbbbbbbb
aSaaaaabbaaaabbbbbbbbbb
aaSaaaabbaaaabbbbbbbbbb
aaaSaaabbaaaabbbbbbbbbb
aaaaSaabbaaaabbbbbbbbbb
aaaaaSabbaaaabbbbbbbbbb
aaaaaaSbbaaaabbbbbbbbbb
aaaaaabSbaaaabbbbbbbbbb
aaaaaabbSaaaabbbbbbbbbb
aaaaaabbaSaaabbbbbbbbbb
aaaaaabbaaSaabbbbbbbbbb
aaaaaabbaaaSabbbbbbbbbb
aaaaaabbaaaaSbbbbbbbbbb
aaaaaabbaaaabSbbbbbbbbb
aaaaaabbaaaabbSbbbbbbbb
aaaaaabbaaaabbbSbbbbbbb
aaaaaabbaaaabbbbSbbbbbb
aaaaaabbaaaabbbbbSbbbbb
aaaaaabbaaaabbbbbbSbbbb
aaaaaabbaaaabbbbbbbSbbb
aaaaaabbaaaabbbbbbbbSbb
aaaaaabbaaaabbbbbbbbbSb
aaaaaabbaaaabbbbbbbbbbS
aaaaaabbaaaabbbbbbbbbbF 
