S aaaaaa
 Aaaaaaa
 Abaaaaa
 bAaaaaa
 bAbaaaa
 bbAaaaa
 bbAbaaa
 bbbAaaa
 bbbAbaa
 bbbbAaa
 bbbbAba
 bbbbbAa
 bbbbbAb
 bbbbbbA
 bbbbbbF 
