Saaacaa
Baaacaa
Bbaacaa
bBaacaa
bBbacaa
bbBacaa
bbBbcaa
bbbBcaa
bbbFcaa
