0,1,2,3,4,5
abcdefghijk
0
1
0,a,1
0,b,2
0,c,2
0,d,2
0,e,3
0,f,4
0,g,5
0,h,2
0,i,2
0,j,2
0,k,2
1,a,1
1,b,2
1,c,2
1,d,2
1,e,2
1,f,2
1,g,2
1,h,2
1,i,2
1,j,2
1,k,2
2,a,2
2,b,2
2,c,2
2,d,2
2,e,2
2,f,2
2,g,2
2,h,2
2,i,2
2,j,2
2,k,2
3,a,2
3,b,1
3,c,2
3,d,2
3,e,2
3,f,2
3,g,2
3,h,2
3,i,2
3,j,2
3,k,2
4,a,2
4,b,2
4,c,1
4,d,2
4,e,2
4,f,2
4,g,2
4,h,2
4,i,2
4,j,2
4,k,2
5,a,2
5,b,2
5,c,2
5,d,1
5,e,2
5,f,2
5,g,2
5,h,2
5,i,2
5,j,2
5,k,2