0,1,2,3,4
ab
0
4
0,a,1
0,b,2
1,a,3
1,b,4
2,a,4
2,b,3
3,a,3
3,b,0
4,a,0
4,b,4